Microchip MPLAB XC8 Compiler V1.35 ()

Linker command line:

--edf=C:\Program Files (x86)\Microchip\xc8\v1.35\dat\en_msgs.txt -cs \
  -h+dist/default/production\EpicLightTestAnalogue2.production.sym \
  --cmf=dist/default/production\EpicLightTestAnalogue2.production.cmf -z \
  -Q16F676 -oC:\Users\Michael\AppData\Local\Temp\s5os.2 \
  -Mdist/default/production/EpicLightTestAnalogue2.production.map -E1 \
  -ver=XC8 -ASTACK=027h-05dh -pstack=STACK -ACODE=00h-03FEh \
  -ASTRCODE=00h-03FEh -ASTRING=00h-0FFhx3,0300h-03FEh \
  -ACONST=00h-0FFhx3,0300h-03FEh -AENTRY=00h-0FFhx3,0300h-03FEh \
  -ABANK0=020h-05Dh -ARAM=020h-05Dh -AABS1=020h-05Fh -ACOMMON=05Eh-05Fh \
  -ASFR0=00h-01Fh -ASFR1=080h-0DDh -preset_vec=00h,intentry,init,end_init \
  -ppowerup=CODE -pcinit=CODE -pfunctab=CODE -ACONFIG=02007h-02007h \
  -pconfig=CONFIG -DCONFIG=2 -AIDLOC=02000h-02003h -pidloc=IDLOC -DIDLOC=2 \
  -AEEDATA=00h-07Fh/02100h -peeprom_data=EEDATA -DEEDATA=2 -posccal=03FFh \
  -DCODE=2 -DSTRCODE=2 -DSTRING=2 -DCONST=2 -DENTRY=2 -k \
  C:\Users\Michael\AppData\Local\Temp\s5os.obj \
  dist/default/production\EpicLightTestAnalogue2.production.obj 

Object code version is 3.11

Machine type is 16F676



                Name                               Link     Load   Length Selector   Space Scale
C:\Users\Michael\AppData\Local\Temp\s5os.obj
                end_init                              0        0        5        0       0
                config                             2007     2007        1     400E       0
dist/default/production\EpicLightTestAnalogue2.production.obj
                cinit                               3FD      3FD        2      7FA       0
                text5                               39A      39A       12      734       0
                text4                               3AC      3AC       12      758       0
                text3                               3BE      3BE       12      77C       0
                text2                               389      389       11      712       0
                text1                               3D0      3D0       13      7A0       0
                maintext                            3E3      3E3       1A      7C6       0
                cstackBANK0                          20       20        7       20       1

TOTAL           Name                               Link     Load   Length     Space
        CLASS   STACK          

        CLASS   CODE           
                end_init                              0        0        5         0
                cinit                               3FD      3FD        2         0
                text5                               39A      39A       12         0
                text4                               3AC      3AC       12         0
                text3                               3BE      3BE       12         0
                text2                               389      389       11         0
                text1                               3D0      3D0       13         0
                maintext                            3E3      3E3       1A         0

        CLASS   STRCODE        

        CLASS   STRING         

        CLASS   CONST          

        CLASS   ENTRY          

        CLASS   BANK0          
                cstackBANK0                          20       20        7         1

        CLASS   RAM            

        CLASS   ABS1           
                abs_s1                               5E       5E        2         1

        CLASS   COMMON         

        CLASS   SFR0           

        CLASS   SFR1           

        CLASS   CONFIG         
                config                             2007     2007        1         0

        CLASS   IDLOC          

        CLASS   EEDATA         

        CLASS   BANK1          



SEGMENTS        Name                           Load    Length   Top    Selector   Space  Class     Delta

                reset_vec                      000000  000005  000005         0       0  CODE        2
                cstackBANK0                    000020  000007  000027        20       1  BANK0       1
                text2                          000389  000011  00039A       712       0  CODE        2
                text5                          00039A  000012  0003AC       734       0  CODE        2
                text4                          0003AC  000012  0003BE       758       0  CODE        2
                text3                          0003BE  000012  0003D0       77C       0  CODE        2
                text1                          0003D0  000013  0003E3       7A0       0  CODE        2
                maintext                       0003E3  00001A  0003FD       7C6       0  CODE        2
                cinit                          0003FD  000002  0003FF       7FA       0  CODE        2
                config                         002007  000001  002008      400E       0  CONFIG      2


UNUSED ADDRESS RANGES

        Name                Unused          Largest block    Delta
        BANK0            0027-005D             37           1
        CODE             0005-0388            384           2
        CONST            0005-0388            100           2
        EEDATA           2100-217F             80           2
        ENTRY            0005-0388            100           2
        IDLOC            2000-2003              4           2
        RAM              0027-005D             37           1
        SFR0             0000-001F             20           1
        SFR1             0080-00DD             5E           1
        STACK            0027-005D             37           1
        STRCODE          0005-0388            384           2
        STRING           0005-0388            100           2

                                  Symbol Table

PWM1@cTemp               cstackBANK0  0022
PWM1@number              cstackBANK0  0021
PWM2@cTemp               cstackBANK0  0022
PWM2@number              cstackBANK0  0021
PWM3@cTemp               cstackBANK0  0022
PWM3@number              cstackBANK0  0021
_ADCON0                  (abs)        001F
_ADCON1                  (abs)        009F
_ADON                    (abs)        00F8
_ADRESH                  (abs)        001E
_ANSEL                   (abs)        0091
_CMCON                   (abs)        0019
_GO_DONE                 (abs)        00F9
_PORTA                   (abs)        0005
_PORTC                   (abs)        0007
_PWM1                    text5        039A
_PWM2                    text4        03AC
_PWM3                    text3        03BE
_RC3                     (abs)        003B
_RC4                     (abs)        003C
_RC5                     (abs)        003D
_TRISA                   (abs)        0085
_TRISC                   (abs)        0087
__CFG_BOREN$OFF          (abs)        0000
__CFG_CP$OFF             (abs)        0000
__CFG_CPD$OFF            (abs)        0000
__CFG_FOSC$INTRCIO       (abs)        0000
__CFG_MCLRE$OFF          (abs)        0000
__CFG_PWRTE$ON           (abs)        0000
__CFG_WDTE$OFF           (abs)        0000
__Habs1                  abs1         07FE
__Hbank0                 bank0        07FE
__Hbank1                 bank1        07FE
__Hcinit                 cinit        03FF
__Hclrtext               clrtext      07FE
__Hcode                  code         07FE
__Hcommon                common       07FE
__Hconfig                config       2008
__HcstackBANK0           cstackBANK0  07FE
__HcstackCOMMON          cstackCOMMON 07FE
__Heeprom_data           eeprom_data  0000
__Hend_init              end_init     0005
__Hfunctab               functab      0000
__Hidloc                 idloc        0000
__Hinit                  init         0000
__Hintentry              intentry     0000
__Hmaintext              maintext     07FE
__Hosccal                osccal       03FF
__Hpowerup               powerup      0000
__Hram                   ram          07FE
__Hreset_vec             reset_vec    0000
__Hsfr0                  sfr0         07FE
__Hsfr1                  sfr1         07FE
__Hspace_0               (abs)        2008
__Hspace_1               (abs)        07FE
__Hspace_2               (abs)        0000
__Hspace_3               (abs)        0000
__Hstack                 stack        0000
__Hstrings               strings      07FE
__Htext                  text         07FE
__Labs1                  abs1         07FE
__Lbank0                 bank0        07FE
__Lbank1                 bank1        07FE
__Lcinit                 cinit        03FD
__Lclrtext               clrtext      07FE
__Lcode                  code         07FE
__Lcommon                common       07FE
__Lconfig                config       2007
__LcstackBANK0           cstackBANK0  07FE
__LcstackCOMMON          cstackCOMMON 07FE
__Leeprom_data           eeprom_data  0000
__Lend_init              end_init     0000
__Lfunctab               functab      0000
__Lidloc                 idloc        0000
__Linit                  init         0000
__Lintentry              intentry     0000
__Lmaintext              maintext     07FE
__Losccal                osccal       03FF
__Lpowerup               powerup      0000
__Lram                   ram          07FE
__Lreset_vec             reset_vec    0000
__Lsfr0                  sfr0         07FE
__Lsfr1                  sfr1         07FE
__Lspace_0               (abs)        0000
__Lspace_1               (abs)        0000
__Lspace_2               (abs)        0000
__Lspace_3               (abs)        0000
__Lstack                 stack        0000
__Lstrings               strings      07FE
__Ltext                  text         07FE
__S0                     (abs)        2008
__S1                     (abs)        0027
__S2                     (abs)        0000
__S3                     (abs)        0000
___int_sp                stack        0000
___latbits               (abs)        0000
___osccal_val            osccal       03FF
___sp                    stack        0000
__end_of_PWM1            text5        03AC
__end_of_PWM2            text4        03BE
__end_of_PWM3            text3        03D0
__end_of__initialization cinit        03FD
__end_of_adConvert       text2        039A
__end_of_initPorts       text1        03E3
__end_of_main            maintext     03FD
__initialization         cinit        03FD
__pcstackBANK0           cstackBANK0  0020
__pcstackCOMMON          cstackCOMMON 0000
__pmaintext              maintext     03E3
__ptext1                 text1        03D0
__ptext2                 text2        0389
__ptext3                 text3        03BE
__ptext4                 text4        03AC
__ptext5                 text5        039A
__size_of_PWM1           (abs)        0000
__size_of_PWM2           (abs)        0000
__size_of_PWM3           (abs)        0000
__size_of_adConvert      (abs)        0000
__size_of_initPorts      (abs)        0000
__size_of_main           (abs)        0000
_adConvert               text2        0389
_initPorts               text1        03D0
_main                    maintext     03E3
adConvert@chan           cstackBANK0  0020
btemp                    (abs)        005E
end_of_initialization    cinit        03FD
intlevel0                functab      0000
intlevel1                functab      0000
intlevel2                functab      0000
intlevel3                functab      0000
intlevel4                functab      0000
intlevel5                functab      0000
ltemp                    (abs)        005E
ltemp0                   (abs)        005E
ltemp1                   (abs)        0062
ltemp2                   (abs)        0066
ltemp3                   (abs)        0060
main@HIIN2               cstackBANK0  0024
main@LOIN2               cstackBANK0  0026
main@MIDIN2              cstackBANK0  0025
reset_vec                reset_vec    0000
stackhi                  (abs)        0000
stacklo                  (abs)        0000
start                    init         0000
start_initialization     cinit        03FD
ttemp                    (abs)        005E
ttemp0                   (abs)        005E
ttemp1                   (abs)        0061
ttemp2                   (abs)        0064
ttemp3                   (abs)        0067
ttemp4                   (abs)        005F
wtemp                    (abs)        005E
wtemp0                   (abs)        005E
wtemp1                   (abs)        0060
wtemp2                   (abs)        0062
wtemp3                   (abs)        0064
wtemp4                   (abs)        0066
wtemp5                   (abs)        0068
wtemp6                   (abs)        005F


FUNCTION INFORMATION:

 *************** function _main *****************
 Defined at:
		line 78 in file "LightTestAnalogue.c"
 Parameters:    Size  Location     Type
		None
 Auto vars:     Size  Location     Type
  LOIN2           1    6[BANK0 ] unsigned char 
  MIDIN2          1    5[BANK0 ] unsigned char 
  HIIN2           1    4[BANK0 ] unsigned char 
 Return value:  Size  Location     Type
                  2   67[None  ] int 
 Registers used:
		wreg, status,2, status,0, pclath, cstack
 Tracked objects:
		On entry : 
		On exit  : 
		Unchanged: 
 Data sizes:     COMMON   BANK0
      Params:         0       0
      Locals:         0       3
      Temps:          0       1
      Totals:         0       4
Total ram usage:        4 bytes
 Hardware stack levels required when called:    1
 This function calls:
		_PWM1
		_PWM2
		_PWM3
		_adConvert
		_initPorts
 This function is called by:
		Startup code after reset
 This function uses a non-reentrant model


 *************** function _initPorts *****************
 Defined at:
		line 8 in file "PIC16F676program.c"
 Parameters:    Size  Location     Type
		None
 Auto vars:     Size  Location     Type
		None
 Return value:  Size  Location     Type
		None               void
 Registers used:
		wreg, status,2
 Tracked objects:
		On entry : 
		On exit  : 
		Unchanged: 
 Data sizes:     COMMON   BANK0
      Params:         0       0
      Locals:         0       0
      Temps:          0       0
      Totals:         0       0
Total ram usage:        0 bytes
 Hardware stack levels used:    1
 This function calls:
		Nothing
 This function is called by:
		_main
 This function uses a non-reentrant model


 *************** function _adConvert *****************
 Defined at:
		line 21 in file "LightTestAnalogue.c"
 Parameters:    Size  Location     Type
  chan            1    wreg     unsigned char 
 Auto vars:     Size  Location     Type
  chan            1    0[BANK0 ] unsigned char 
 Return value:  Size  Location     Type
                  1    wreg      unsigned char 
 Registers used:
		wreg, status,2, status,0
 Tracked objects:
		On entry : 
		On exit  : 
		Unchanged: 
 Data sizes:     COMMON   BANK0
      Params:         0       0
      Locals:         0       1
      Temps:          0       0
      Totals:         0       1
Total ram usage:        1 bytes
 Hardware stack levels used:    1
 This function calls:
		Nothing
 This function is called by:
		_main
 This function uses a non-reentrant model


 *************** function _PWM3 *****************
 Defined at:
		line 63 in file "LightTestAnalogue.c"
 Parameters:    Size  Location     Type
  number          1    wreg     unsigned char 
 Auto vars:     Size  Location     Type
  number          1    1[BANK0 ] unsigned char 
  cTemp           1    2[BANK0 ] unsigned char 
 Return value:  Size  Location     Type
		None               void
 Registers used:
		wreg, status,2, status,0
 Tracked objects:
		On entry : 
		On exit  : 
		Unchanged: 
 Data sizes:     COMMON   BANK0
      Params:         0       0
      Locals:         0       2
      Temps:          0       1
      Totals:         0       3
Total ram usage:        3 bytes
 Hardware stack levels used:    1
 This function calls:
		Nothing
 This function is called by:
		_main
 This function uses a non-reentrant model


 *************** function _PWM2 *****************
 Defined at:
		line 51 in file "LightTestAnalogue.c"
 Parameters:    Size  Location     Type
  number          1    wreg     unsigned char 
 Auto vars:     Size  Location     Type
  number          1    1[BANK0 ] unsigned char 
  cTemp           1    2[BANK0 ] unsigned char 
 Return value:  Size  Location     Type
		None               void
 Registers used:
		wreg, status,2, status,0
 Tracked objects:
		On entry : 
		On exit  : 
		Unchanged: 
 Data sizes:     COMMON   BANK0
      Params:         0       0
      Locals:         0       2
      Temps:          0       1
      Totals:         0       3
Total ram usage:        3 bytes
 Hardware stack levels used:    1
 This function calls:
		Nothing
 This function is called by:
		_main
 This function uses a non-reentrant model


 *************** function _PWM1 *****************
 Defined at:
		line 39 in file "LightTestAnalogue.c"
 Parameters:    Size  Location     Type
  number          1    wreg     unsigned char 
 Auto vars:     Size  Location     Type
  number          1    1[BANK0 ] unsigned char 
  cTemp           1    2[BANK0 ] unsigned char 
 Return value:  Size  Location     Type
		None               void
 Registers used:
		wreg, status,2, status,0
 Tracked objects:
		On entry : 
		On exit  : 
		Unchanged: 
 Data sizes:     COMMON   BANK0
      Params:         0       0
      Locals:         0       2
      Temps:          0       1
      Totals:         0       3
Total ram usage:        3 bytes
 Hardware stack levels used:    1
 This function calls:
		Nothing
 This function is called by:
		_main
 This function uses a non-reentrant model



MODULE INFORMATION

Module		Function		Class		Link	Load	Size
PIC16F676program.c
		_initPorts     		CODE           	03D0	0000	20

PIC16F676program.c estimated size: 20

LightTestAnalogue.c
		_main          		CODE           	03E3	0000	27
		_PWM1          		CODE           	039A	0000	19
		_PWM2          		CODE           	03AC	0000	19
		_PWM3          		CODE           	03BE	0000	19
		_adConvert     		CODE           	0389	0000	18

LightTestAnalogue.c estimated size: 102

shared
		__initialization		CODE           	03FD	0000	1

shared estimated size: 1

